** Drc report for ACIR_PCB.kicad_pcb **
** Created on 2026-09-15T10:02:49 **
** Report includes: Errors, Warnings, Exclusions **

** Found 20 DRC violations **
[lib_footprint_mismatch]: Footprint 'TestPoint_Bridge_Pitch2.54mm_Drill1.3mm' does not match copy in library 'TestPoint'
    Local override; warning
    @(146.7700 mm, 88.5200 mm): Footprint J2
[lib_footprint_mismatch]: Footprint 'TestPoint_Bridge_Pitch2.54mm_Drill1.3mm' does not match copy in library 'TestPoint'
    Local override; warning
    @(184.8600 mm, 223.2700 mm): Footprint J5
[lib_footprint_mismatch]: Footprint 'TestPoint_Bridge_Pitch2.54mm_Drill1.3mm' does not match copy in library 'TestPoint'
    Local override; warning
    @(78.0600 mm, 140.5500 mm): Footprint J11
[lib_footprint_mismatch]: Footprint 'TestPoint_Bridge_Pitch2.54mm_Drill1.3mm' does not match copy in library 'TestPoint'
    Local override; warning
    @(78.0600 mm, 188.0500 mm): Footprint J15
[lib_footprint_mismatch]: Footprint 'TestPoint_Bridge_Pitch2.54mm_Drill1.3mm' does not match copy in library 'TestPoint'
    Local override; warning
    @(175.0600 mm, 140.5500 mm): Footprint J10
[lib_footprint_mismatch]: Footprint 'TestPoint_Bridge_Pitch2.54mm_Drill1.3mm' does not match copy in library 'TestPoint'
    Local override; warning
    @(68.2700 mm, 223.2700 mm): Footprint J6
[lib_footprint_mismatch]: Footprint 'TestPoint_Bridge_Pitch2.54mm_Drill1.3mm' does not match copy in library 'TestPoint'
    Local override; warning
    @(248.0300 mm, 88.5200 mm): Footprint J1
[lib_footprint_mismatch]: Footprint 'TestPoint_Bridge_Pitch2.54mm_Drill1.3mm' does not match copy in library 'TestPoint'
    Local override; warning
    @(175.0600 mm, 188.0500 mm): Footprint J14
[lib_footprint_mismatch]: Footprint 'TestPoint_Bridge_Pitch2.54mm_Drill1.3mm' does not match copy in library 'TestPoint'
    Local override; warning
    @(78.0600 mm, 164.3000 mm): Footprint J13
[lib_footprint_mismatch]: Footprint 'TestPoint_Bridge_Pitch2.54mm_Drill1.3mm' does not match copy in library 'TestPoint'
    Local override; warning
    @(175.0600 mm, 164.3000 mm): Footprint J12
[lib_footprint_mismatch]: Footprint 'TestPoint_Bridge_Pitch2.54mm_Drill1.3mm' does not match copy in library 'TestPoint'
    Local override; warning
    @(175.0600 mm, 211.8000 mm): Footprint J16
[lib_footprint_mismatch]: Footprint 'TestPoint_Bridge_Pitch2.54mm_Drill1.3mm' does not match copy in library 'TestPoint'
    Local override; warning
    @(78.0600 mm, 211.8000 mm): Footprint J17
[lib_footprint_mismatch]: Footprint 'TestPoint_Bridge_Pitch2.54mm_Drill1.3mm' does not match copy in library 'TestPoint'
    Local override; warning
    @(216.0000 mm, 140.5500 mm): Footprint J7
[lib_footprint_mismatch]: Footprint 'TestPoint_Bridge_Pitch2.54mm_Drill1.3mm' does not match copy in library 'TestPoint'
    Local override; warning
    @(320.3600 mm, 140.5500 mm): Footprint J3
[lib_footprint_mismatch]: Footprint 'TestPoint_Bridge_Pitch2.54mm_Drill1.3mm' does not match copy in library 'TestPoint'
    Local override; warning
    @(216.0000 mm, 164.3000 mm): Footprint J18
[lib_footprint_mismatch]: Footprint 'TestPoint_Bridge_Pitch2.54mm_Drill1.3mm' does not match copy in library 'TestPoint'
    Local override; warning
    @(320.3600 mm, 164.3000 mm): Footprint J8
[lib_footprint_mismatch]: Footprint 'TestPoint_Bridge_Pitch2.54mm_Drill1.3mm' does not match copy in library 'TestPoint'
    Local override; warning
    @(216.0000 mm, 188.0500 mm): Footprint J9
[lib_footprint_mismatch]: Footprint 'TestPoint_Bridge_Pitch2.54mm_Drill1.3mm' does not match copy in library 'TestPoint'
    Local override; warning
    @(320.3600 mm, 188.0500 mm): Footprint J19
[lib_footprint_mismatch]: Footprint 'TestPoint_Bridge_Pitch2.54mm_Drill1.3mm' does not match copy in library 'TestPoint'
    Local override; warning
    @(216.0000 mm, 211.8000 mm): Footprint J20
[lib_footprint_mismatch]: Footprint 'TestPoint_Bridge_Pitch2.54mm_Drill1.3mm' does not match copy in library 'TestPoint'
    Local override; warning
    @(320.3600 mm, 211.8000 mm): Footprint J4

** Found 0 unconnected pads **

** Found 0 Footprint errors **

** Ignored checks **
    - Footprint has no courtyard defined
    - Track endpoint not centered on via
    - Tuning profile track geometries
    - Footprint doesn't match symbol's footprint filters
    - Footprint component type doesn't match footprint pads

** End of Report **
