ERC report (2026-09-14T20:33:27, Encoding UTF8)
Report includes: Errors, Warnings

***** Sheet /
[footprint_link_issues]: The current configuration does not include the footprint library 'footprints'
    ; warning
    @(57.15 mm, 35.56 mm): Symbol BT1 [Battery_Cell]
[footprint_link_issues]: The current configuration does not include the footprint library 'footprints'
    ; warning
    @(77.47 mm, 36.83 mm): Symbol BT2 [Battery_Cell]
[footprint_link_issues]: The current configuration does not include the footprint library 'footprints'
    ; warning
    @(77.47 mm, 49.53 mm): Symbol BT3 [Battery_Cell]
[footprint_link_issues]: The current configuration does not include the footprint library 'footprints'
    ; warning
    @(77.47 mm, 63.50 mm): Symbol BT4 [Battery_Cell]
[footprint_link_issues]: The current configuration does not include the footprint library 'footprints'
    ; warning
    @(77.47 mm, 77.47 mm): Symbol BT5 [Battery_Cell]
[footprint_link_issues]: The current configuration does not include the footprint library 'footprints'
    ; warning
    @(110.49 mm, 34.29 mm): Symbol BT7 [Battery_Cell]
[footprint_link_issues]: The current configuration does not include the footprint library 'footprints'
    ; warning
    @(124.46 mm, 34.29 mm): Symbol BT6 [Battery_Cell]
[footprint_link_issues]: The current configuration does not include the footprint library 'footprints'
    ; warning
    @(138.43 mm, 34.29 mm): Symbol BT8 [Battery_Cell]
[footprint_link_issues]: The current configuration does not include the footprint library 'footprints'
    ; warning
    @(152.40 mm, 34.29 mm): Symbol BT9 [Battery_Cell]
[footprint_link_issues]: The current configuration does not include the footprint library 'footprints'
    ; warning
    @(177.80 mm, 27.94 mm): Symbol H1 [MountingHole]
[footprint_link_issues]: The current configuration does not include the footprint library 'footprints'
    ; warning
    @(177.80 mm, 43.18 mm): Symbol H2 [MountingHole]
[footprint_link_issues]: The current configuration does not include the footprint library 'footprints'
    ; warning
    @(177.80 mm, 58.42 mm): Symbol H3 [MountingHole]
[footprint_link_issues]: The current configuration does not include the footprint library 'footprints'
    ; warning
    @(177.80 mm, 73.66 mm): Symbol H4 [MountingHole]
[footprint_link_issues]: The current configuration does not include the footprint library 'footprints'
    ; warning
    @(177.80 mm, 88.90 mm): Symbol H5 [MountingHole]
[footprint_link_issues]: The current configuration does not include the footprint library 'footprints'
    ; warning
    @(177.80 mm, 104.14 mm): Symbol H6 [MountingHole]
[footprint_link_issues]: The current configuration does not include the footprint library 'footprints'
    ; warning
    @(177.80 mm, 119.38 mm): Symbol H7 [MountingHole]
[footprint_link_issues]: The current configuration does not include the footprint library 'footprints'
    ; warning
    @(177.80 mm, 134.62 mm): Symbol H8 [MountingHole]

 ** ERC messages: 17  Errors 0  Warnings 17

 ** Ignored checks:
    - Global label only appears once in the schematic
    - Four connection points are joined together
    - SPICE model issue
    - Assigned footprint doesn't match footprint filters
