Drill report for ACIR_PCB.kicad_pcb
Created on 2026-09-15T10:04:46

Copper Layer Stackup:
    =============================================================
    L1 :  F.Cu                      front
    L2 :  B.Cu                      back


Drill file 'ACIR_PCB.drl' contains
    plated through holes:
    =============================================================
    T1  0.400mm  0.0157"  (1978 holes))
    T2  1.300mm  0.0512"  (40 holes))
    T3  1.830mm  0.0720"  (36 holes))
    T4  2.000mm  0.0787"  (18 holes)  (with 18 slots)
    T5  2.500mm  0.0984"  (18 holes))

    Total plated holes count 2090


Not plated through holes are merged with plated holes
    unplated through holes:
    =============================================================
    T6  2.400mm  0.0945"  (9 holes))
    T7  3.200mm  0.1260"  (8 holes))
    T8  3.450mm  0.1358"  (18 holes))

    Total unplated holes count 35
