** Drc report for ACIR-Learning-Kit-1-PCB.kicad_pcb **
** Created on 2026-09-17T13:10:25 **
** Report includes: Errors, Warnings **

** Found 103 DRC violations **
[via_dangling]: Via is not connected or connected on only one layer
    Local override; warning
    @(178.1900 mm, 173.1455 mm): Via [/4P_B+] on F.Cu - B.Cu
[via_dangling]: Via is not connected or connected on only one layer
    Local override; warning
    @(175.9900 mm, 193.1697 mm): Via [/4P_B+] on F.Cu - B.Cu
[via_dangling]: Via is not connected or connected on only one layer
    Local override; warning
    @(180.3900 mm, 196.9242 mm): Via [/4P_B+] on F.Cu - B.Cu
[via_dangling]: Via is not connected or connected on only one layer
    Local override; warning
    @(181.4900 mm, 190.6667 mm): Via [/4P_B+] on F.Cu - B.Cu
[via_dangling]: Via is not connected or connected on only one layer
    Local override; warning
    @(177.0900 mm, 191.9182 mm): Via [/4P_B+] on F.Cu - B.Cu
[via_dangling]: Via is not connected or connected on only one layer
    Local override; warning
    @(175.9900 mm, 173.1455 mm): Via [/4P_B+] on F.Cu - B.Cu
[via_dangling]: Via is not connected or connected on only one layer
    Local override; warning
    @(181.4900 mm, 156.8758 mm): Via [/4P_B+] on F.Cu - B.Cu
[via_dangling]: Via is not connected or connected on only one layer
    Local override; warning
    @(177.0900 mm, 204.4333 mm): Via [/4P_B+] on F.Cu - B.Cu
[via_dangling]: Via is not connected or connected on only one layer
    Local override; warning
    @(180.3900 mm, 181.9061 mm): Via [/4P_B+] on F.Cu - B.Cu
[via_dangling]: Via is not connected or connected on only one layer
    Local override; warning
    @(179.2900 mm, 176.9000 mm): Via [/4P_B+] on F.Cu - B.Cu
[via_dangling]: Via is not connected or connected on only one layer
    Local override; warning
    @(181.4900 mm, 176.9000 mm): Via [/4P_B+] on F.Cu - B.Cu
[via_dangling]: Via is not connected or connected on only one layer
    Local override; warning
    @(177.0900 mm, 168.1394 mm): Via [/4P_B+] on F.Cu - B.Cu
[via_dangling]: Via is not connected or connected on only one layer
    Local override; warning
    @(179.2900 mm, 154.3727 mm): Via [/4P_B+] on F.Cu - B.Cu
[via_dangling]: Via is not connected or connected on only one layer
    Local override; warning
    @(179.2900 mm, 180.6545 mm): Via [/4P_B+] on F.Cu - B.Cu
[via_dangling]: Via is not connected or connected on only one layer
    Local override; warning
    @(179.2900 mm, 203.1818 mm): Via [/4P_B+] on F.Cu - B.Cu
[via_dangling]: Via is not connected or connected on only one layer
    Local override; warning
    @(179.2900 mm, 171.8939 mm): Via [/4P_B+] on F.Cu - B.Cu
[via_dangling]: Via is not connected or connected on only one layer
    Local override; warning
    @(177.0900 mm, 170.6424 mm): Via [/4P_B+] on F.Cu - B.Cu
[via_dangling]: Via is not connected or connected on only one layer
    Local override; warning
    @(179.2900 mm, 193.1697 mm): Via [/4P_B+] on F.Cu - B.Cu
[via_dangling]: Via is not connected or connected on only one layer
    Local override; warning
    @(177.0900 mm, 194.4212 mm): Via [/4P_B+] on F.Cu - B.Cu
[via_dangling]: Via is not connected or connected on only one layer
    Local override; warning
    @(180.3900 mm, 170.6424 mm): Via [/4P_B+] on F.Cu - B.Cu
[via_dangling]: Via is not connected or connected on only one layer
    Local override; warning
    @(180.3900 mm, 194.4212 mm): Via [/4P_B+] on F.Cu - B.Cu
[via_dangling]: Via is not connected or connected on only one layer
    Local override; warning
    @(177.0900 mm, 154.3727 mm): Via [/4P_B+] on F.Cu - B.Cu
[via_dangling]: Via is not connected or connected on only one layer
    Local override; warning
    @(175.9900 mm, 158.1273 mm): Via [/4P_B+] on F.Cu - B.Cu
[via_dangling]: Via is not connected or connected on only one layer
    Local override; warning
    @(181.4900 mm, 150.6182 mm): Via [/4P_B+] on F.Cu - B.Cu
[via_dangling]: Via is not connected or connected on only one layer
    Local override; warning
    @(175.9900 mm, 216.9485 mm): Via [/4P_B+] on F.Cu - B.Cu
[via_dangling]: Via is not connected or connected on only one layer
    Local override; warning
    @(177.0900 mm, 179.4030 mm): Via [/4P_B+] on F.Cu - B.Cu
[via_dangling]: Via is not connected or connected on only one layer
    Local override; warning
    @(175.9900 mm, 148.1152 mm): Via [/4P_B+] on F.Cu - B.Cu
[via_dangling]: Via is not connected or connected on only one layer
    Local override; warning
    @(178.1900 mm, 169.3909 mm): Via [/4P_B+] on F.Cu - B.Cu
[via_dangling]: Via is not connected or connected on only one layer
    Local override; warning
    @(178.1900 mm, 200.6788 mm): Via [/4P_B+] on F.Cu - B.Cu
[via_dangling]: Via is not connected or connected on only one layer
    Local override; warning
    @(177.8600 mm, 223.6500 mm): Via [/4P_B+] on F.Cu - B.Cu
[via_dangling]: Via is not connected or connected on only one layer
    Local override; warning
    @(181.4900 mm, 143.1091 mm): Via [/4P_B+] on F.Cu - B.Cu
[via_dangling]: Via is not connected or connected on only one layer
    Local override; warning
    @(181.4900 mm, 145.6121 mm): Via [/4P_B+] on F.Cu - B.Cu
[via_dangling]: Via is not connected or connected on only one layer
    Local override; warning
    @(178.1900 mm, 218.2000 mm): Via [/4P_B+] on F.Cu - B.Cu
[via_dangling]: Via is not connected or connected on only one layer
    Local override; warning
    @(177.0900 mm, 156.8758 mm): Via [/4P_B+] on F.Cu - B.Cu
[via_dangling]: Via is not connected or connected on only one layer
    Local override; warning
    @(179.2900 mm, 150.6182 mm): Via [/4P_B+] on F.Cu - B.Cu
[via_dangling]: Via is not connected or connected on only one layer
    Local override; warning
    @(181.4900 mm, 154.3727 mm): Via [/4P_B+] on F.Cu - B.Cu
[via_dangling]: Via is not connected or connected on only one layer
    Local override; warning
    @(176.4600 mm, 224.7500 mm): Via [/4P_B+] on F.Cu - B.Cu
[via_dangling]: Via is not connected or connected on only one layer
    Local override; warning
    @(175.9900 mm, 196.9242 mm): Via [/4P_B+] on F.Cu - B.Cu
[via_dangling]: Via is not connected or connected on only one layer
    Local override; warning
    @(176.4600 mm, 221.4500 mm): Via [/4P_B+] on F.Cu - B.Cu
[via_dangling]: Via is not connected or connected on only one layer
    Local override; warning
    @(175.9900 mm, 169.3909 mm): Via [/4P_B+] on F.Cu - B.Cu
[via_dangling]: Via is not connected or connected on only one layer
    Local override; warning
    @(180.3900 mm, 200.6788 mm): Via [/4P_B+] on F.Cu - B.Cu
[via_dangling]: Via is not connected or connected on only one layer
    Local override; warning
    @(179.2900 mm, 168.1394 mm): Via [/4P_B+] on F.Cu - B.Cu
[via_dangling]: Via is not connected or connected on only one layer
    Local override; warning
    @(180.6600 mm, 224.7500 mm): Via [/4P_B+] on F.Cu - B.Cu
[via_dangling]: Via is not connected or connected on only one layer
    Local override; warning
    @(181.4900 mm, 171.8939 mm): Via [/4P_B+] on F.Cu - B.Cu
[via_dangling]: Via is not connected or connected on only one layer
    Local override; warning
    @(175.9900 mm, 200.6788 mm): Via [/4P_B+] on F.Cu - B.Cu
[via_dangling]: Via is not connected or connected on only one layer
    Local override; warning
    @(179.2600 mm, 222.5500 mm): Via [/4P_B+] on F.Cu - B.Cu
[via_dangling]: Via is not connected or connected on only one layer
    Local override; warning
    @(180.3900 mm, 218.2000 mm): Via [/4P_B+] on F.Cu - B.Cu
[via_dangling]: Via is not connected or connected on only one layer
    Local override; warning
    @(180.3900 mm, 158.1273 mm): Via [/4P_B+] on F.Cu - B.Cu
[via_dangling]: Via is not connected or connected on only one layer
    Local override; warning
    @(181.4900 mm, 135.6000 mm): Via [/4P_B+] on F.Cu - B.Cu
[via_dangling]: Via is not connected or connected on only one layer
    Local override; warning
    @(178.1900 mm, 148.1152 mm): Via [/4P_B+] on F.Cu - B.Cu
[via_dangling]: Via is not connected or connected on only one layer
    Local override; warning
    @(178.1900 mm, 196.9242 mm): Via [/4P_B+] on F.Cu - B.Cu
[via_dangling]: Via is not connected or connected on only one layer
    Local override; warning
    @(181.4900 mm, 166.8879 mm): Via [/4P_B+] on F.Cu - B.Cu
[via_dangling]: Via is not connected or connected on only one layer
    Local override; warning
    @(178.1900 mm, 181.9061 mm): Via [/4P_B+] on F.Cu - B.Cu
[via_dangling]: Via is not connected or connected on only one layer
    Local override; warning
    @(177.0900 mm, 176.9000 mm): Via [/4P_B+] on F.Cu - B.Cu
[via_dangling]: Via is not connected or connected on only one layer
    Local override; warning
    @(175.9900 mm, 180.6545 mm): Via [/4P_B+] on F.Cu - B.Cu
[via_dangling]: Via is not connected or connected on only one layer
    Local override; warning
    @(181.4900 mm, 203.1818 mm): Via [/4P_B+] on F.Cu - B.Cu
[via_dangling]: Via is not connected or connected on only one layer
    Local override; warning
    @(179.2900 mm, 156.8758 mm): Via [/4P_B+] on F.Cu - B.Cu
[via_dangling]: Via is not connected or connected on only one layer
    Local override; warning
    @(179.2900 mm, 145.6121 mm): Via [/4P_B+] on F.Cu - B.Cu
[via_dangling]: Via is not connected or connected on only one layer
    Local override; warning
    @(177.0900 mm, 150.6182 mm): Via [/4P_B+] on F.Cu - B.Cu
[via_dangling]: Via is not connected or connected on only one layer
    Local override; warning
    @(181.4900 mm, 159.3788 mm): Via [/4P_B+] on F.Cu - B.Cu
[via_dangling]: Via is not connected or connected on only one layer
    Local override; warning
    @(181.4900 mm, 148.1152 mm): Via [/4P_B+] on F.Cu - B.Cu
[via_dangling]: Via is not connected or connected on only one layer
    Local override; warning
    @(180.3900 mm, 191.9182 mm): Via [/4P_B+] on F.Cu - B.Cu
[via_dangling]: Via is not connected or connected on only one layer
    Local override; warning
    @(181.4900 mm, 216.9485 mm): Via [/4P_B+] on F.Cu - B.Cu
[via_dangling]: Via is not connected or connected on only one layer
    Local override; warning
    @(180.3900 mm, 153.1212 mm): Via [/4P_B+] on F.Cu - B.Cu
[via_dangling]: Via is not connected or connected on only one layer
    Local override; warning
    @(177.0900 mm, 198.1758 mm): Via [/4P_B+] on F.Cu - B.Cu
[via_dangling]: Via is not connected or connected on only one layer
    Local override; warning
    @(180.3900 mm, 204.4333 mm): Via [/4P_B+] on F.Cu - B.Cu
[via_dangling]: Via is not connected or connected on only one layer
    Local override; warning
    @(180.6600 mm, 220.3500 mm): Via [/4P_B+] on F.Cu - B.Cu
[via_dangling]: Via is not connected or connected on only one layer
    Local override; warning
    @(180.3900 mm, 149.3667 mm): Via [/4P_B+] on F.Cu - B.Cu
[via_dangling]: Via is not connected or connected on only one layer
    Local override; warning
    @(179.2900 mm, 216.9485 mm): Via [/4P_B+] on F.Cu - B.Cu
[via_dangling]: Via is not connected or connected on only one layer
    Local override; warning
    @(180.3900 mm, 179.4030 mm): Via [/4P_B+] on F.Cu - B.Cu
[via_dangling]: Via is not connected or connected on only one layer
    Local override; warning
    @(178.1900 mm, 153.1212 mm): Via [/4P_B+] on F.Cu - B.Cu
[via_dangling]: Via is not connected or connected on only one layer
    Local override; warning
    @(180.3900 mm, 155.6242 mm): Via [/4P_B+] on F.Cu - B.Cu
[via_dangling]: Via is not connected or connected on only one layer
    Local override; warning
    @(181.4900 mm, 193.1697 mm): Via [/4P_B+] on F.Cu - B.Cu
[via_dangling]: Via is not connected or connected on only one layer
    Local override; warning
    @(175.9900 mm, 155.6242 mm): Via [/4P_B+] on F.Cu - B.Cu
[via_dangling]: Via is not connected or connected on only one layer
    Local override; warning
    @(175.9900 mm, 175.6485 mm): Via [/4P_B+] on F.Cu - B.Cu
[via_dangling]: Via is not connected or connected on only one layer
    Local override; warning
    @(175.9900 mm, 151.8697 mm): Via [/4P_B+] on F.Cu - B.Cu
[via_dangling]: Via is not connected or connected on only one layer
    Local override; warning
    @(181.4900 mm, 199.4273 mm): Via [/4P_B+] on F.Cu - B.Cu
[via_dangling]: Via is not connected or connected on only one layer
    Local override; warning
    @(181.4900 mm, 205.6848 mm): Via [/4P_B+] on F.Cu - B.Cu
[via_dangling]: Via is not connected or connected on only one layer
    Local override; warning
    @(178.1900 mm, 205.6848 mm): Via [/4P_B+] on F.Cu - B.Cu
[via_dangling]: Via is not connected or connected on only one layer
    Local override; warning
    @(180.3900 mm, 146.8636 mm): Via [/4P_B+] on F.Cu - B.Cu
[via_dangling]: Via is not connected or connected on only one layer
    Local override; warning
    @(177.0900 mm, 145.6121 mm): Via [/4P_B+] on F.Cu - B.Cu
[via_dangling]: Via is not connected or connected on only one layer
    Local override; warning
    @(179.2900 mm, 195.6727 mm): Via [/4P_B+] on F.Cu - B.Cu
[via_dangling]: Via is not connected or connected on only one layer
    Local override; warning
    @(180.3900 mm, 144.3606 mm): Via [/4P_B+] on F.Cu - B.Cu
[via_dangling]: Via is not connected or connected on only one layer
    Local override; warning
    @(177.0900 mm, 215.6970 mm): Via [/4P_B+] on F.Cu - B.Cu
[via_dangling]: Via is not connected or connected on only one layer
    Local override; warning
    @(181.4900 mm, 195.6727 mm): Via [/4P_B+] on F.Cu - B.Cu
[via_dangling]: Via is not connected or connected on only one layer
    Local override; warning
    @(175.9900 mm, 144.3606 mm): Via [/4P_B+] on F.Cu - B.Cu
[via_dangling]: Via is not connected or connected on only one layer
    Local override; warning
    @(181.4900 mm, 169.3909 mm): Via [/4P_B+] on F.Cu - B.Cu
[via_dangling]: Via is not connected or connected on only one layer
    Local override; warning
    @(175.9900 mm, 178.1515 mm): Via [/4P_B+] on F.Cu - B.Cu
[via_dangling]: Via is not connected or connected on only one layer
    Local override; warning
    @(179.2900 mm, 199.4273 mm): Via [/4P_B+] on F.Cu - B.Cu
[via_dangling]: Via is not connected or connected on only one layer
    Local override; warning
    @(180.3900 mm, 175.6485 mm): Via [/4P_B+] on F.Cu - B.Cu
[via_dangling]: Via is not connected or connected on only one layer
    Local override; warning
    @(182.0600 mm, 219.2500 mm): Via [/4P_B+] on F.Cu - B.Cu
[via_dangling]: Via is not connected or connected on only one layer
    Local override; warning
    @(181.4900 mm, 180.6545 mm): Via [/4P_B+] on F.Cu - B.Cu
[via_dangling]: Via is not connected or connected on only one layer
    Local override; warning
    @(181.4900 mm, 174.3970 mm): Via [/4P_B+] on F.Cu - B.Cu
[via_dangling]: Via is not connected or connected on only one layer
    Local override; warning
    @(177.0900 mm, 201.9303 mm): Via [/4P_B+] on F.Cu - B.Cu
[via_dangling]: Via is not connected or connected on only one layer
    Local override; warning
    @(177.0900 mm, 174.3970 mm): Via [/4P_B+] on F.Cu - B.Cu
[via_dangling]: Via is not connected or connected on only one layer
    Local override; warning
    @(180.3900 mm, 173.1455 mm): Via [/4P_B+] on F.Cu - B.Cu
[via_dangling]: Via is not connected or connected on only one layer
    Local override; warning
    @(175.9900 mm, 203.1818 mm): Via [/4P_B+] on F.Cu - B.Cu
[via_dangling]: Via is not connected or connected on only one layer
    Local override; warning
    @(178.1900 mm, 175.6485 mm): Via [/4P_B+] on F.Cu - B.Cu
[via_dangling]: Via is not connected or connected on only one layer
    Local override; warning
    @(178.1900 mm, 178.1515 mm): Via [/4P_B+] on F.Cu - B.Cu
[via_dangling]: Via is not connected or connected on only one layer
    Local override; warning
    @(178.1900 mm, 155.6242 mm): Via [/4P_B+] on F.Cu - B.Cu
[via_dangling]: Via is not connected or connected on only one layer
    Local override; warning
    @(181.4900 mm, 183.1576 mm): Via [/4P_B+] on F.Cu - B.Cu
[via_dangling]: Via is not connected or connected on only one layer
    Local override; warning
    @(179.2900 mm, 174.3970 mm): Via [/4P_B+] on F.Cu - B.Cu
[via_dangling]: Via is not connected or connected on only one layer
    Local override; warning
    @(178.1900 mm, 158.1273 mm): Via [/4P_B+] on F.Cu - B.Cu

** Found 0 unconnected pads **

** Found 0 Footprint errors **

** Ignored checks **
    - Footprint has no courtyard defined
    - Track endpoint not centered on via
    - Tuning profile track geometries
    - Footprint doesn't match symbol's footprint filters
    - Footprint component type doesn't match footprint pads

** End of Report **
